---
source: crates/forge-tool/src/outline.rs
expression: result
---
script.js
│function init() { console.log('Ready'); }
|----
app.py
│def start(): print('Starting')
|----
main.rs
│fn main() { println!("Hello"); }
