---
source: crates/forge-tool/src/outline.rs
expression: result
---
test.js
│function calculateTotal(items) {
|----
│class ShoppingCart {
|----
│addItem(item) {
