---
source: crates/forge-tool/src/outline.rs
expression: result
---
No source code definitions found.
