---
source: crates/forge_provider/src/request.rs
expression: router_message
snapshot_kind: text
---
{
  "role": "user",
  "content": "Hello"
}
